// Jest Snapshot v1, https://goo.gl/fbAQLP

exports[`MainRoutes matches snapshot 1`] = `
<CoreLayout
  history={
    Object {
      "action": "POP",
      "back": [Function],
      "block": [Function],
      "createHref": [Function],
      "forward": [Function],
      "go": [Function],
      "listen": [Function],
      "location": Object {
        "hash": "",
        "key": "default",
        "pathname": "/",
        "search": "",
        "state": null,
      },
      "push": [Function],
      "replace": [Function],
    }
  }
  location={
    Object {
      "hash": "",
      "key": "1",
      "pathname": "",
      "search": "",
      "state": Object {},
    }
  }
  match={
    Object {
      "isExact": false,
      "params": Object {
        "id": "1",
      },
      "path": "/route/:id",
      "url": "/route/1",
    }
  }
>
  <Switch>
    <Route
      component={[Function]}
      exact={true}
      key="/"
      path="/"
    />
    <Route
      component={[Function]}
      exact={true}
      key="/"
      path="/"
    />
    <Route
      component={[Function]}
      path="*"
    />
  </Switch>
</CoreLayout>
`;
